git新建分支及提交代码到分支

前言：前面写了一篇git添加小组成员的文章，还不清楚怎么添加成员的可以看一看：https://www.jianshu.com/p/0f23e290e874
二、创建分支并提交代码到分支

上述添加成员的方式非常简单，但是如果说每一个小组成员都可以对仓库push内容，就涉及到一个代码的安全和冲突问题了，当多个成员同时在线编辑时容易出现冲突，假设A的代码是有问题的却push上去了，他的代码可能就导致B的代码执行不了，但如果等代码全部都写完了再一次性提交，又会存在丢失每天进度的风险。因此，采用每个成员自己创立一个分支push自己的代码，最后再来进行合并是一个比较好的策略。

首先要从仓库的主分支master里git clone项目初始化好的代码，以此为基础进行后续在分支上的代码开发，先点击仓库右边绿色按钮Clone or download复制仓库链接


然后在你想存放项目文件的地方右键鼠标，点击git bash here，点击后出现命令工具，输入以下指令

git clone xxx (xxx为刚刚复制的仓库链接）
这样，我们就能将主分支的代码下载到本地了，并且自动建立了与远程仓库的连接，接下来只需要去到下载好的文件里按照以下步骤建立属于自己的分支和提交代码即可：

（1）新建分支

git branch xxx (xxx填写你的分支名称)
（2）查看所有分支

git branch -a
（3）切换到某一分支

git checkout xxx (xxx填写要切换的分支名称）
（4）添加修改代码到缓存（注意最后的"."前面有个空格

git add .
（5）添加提交代码的备注

git commit -m "xxx" （xxx为本次提交代码的备注）
（6）提交代码到指定分支

git push origin xxx （xxx为要提交代码的分支名称）
参考文章：

1、https://blog.csdn.net/qq_20989105/article/details/77119885




具体见下方


hangsaidongs-iMac:BlogSource zhangsaidong$ git add .
\zhangsaidongs-iMac:BlogSource zhangsaidong$ git add .
zhangsaidongs-iMac:BlogSource zhangsaidong$ git commit -m "add readme"
[master 8452bc0] add readme
 Committer: 张赛东 <zhangsaidong@zhangsaidongs-iMac.local>
Your name and email address were configured automatically based
on your username and hostname. Please check that they are accurate.
You can suppress this message by setting them explicitly. Run the
following command and follow the instructions in your editor to edit
your configuration file:

    git config --global --edit

After doing this, you may fix the identity used for this commit with:

    git commit --amend --reset-author

 1 file changed, 11 insertions(+)
 create mode 100644 README.md
zhangsaidongs-iMac:BlogSource zhangsaidong$ git push origin master
Counting objects: 3, done.
Delta compression using up to 8 threads.
Compressing objects: 100% (3/3), done.
Writing objects: 100% (3/3), 464 bytes | 464.00 KiB/s, done.
Total 3 (delta 1), reused 0 (delta 0)
remote: Resolving deltas: 100% (1/1), completed with 1 local object.
To https://github.com/adong666666/BlogSource.git
   fcd4c98..8452bc0  master -> master
zhangsaidongs-iMac:BlogSource zhangsaidong$  git add .
zhangsaidongs-iMac:BlogSource zhangsaidong$ git commit -testBranch "testBranch"
error: pathspec 'testBranch' did not match any file(s) known to git.
zhangsaidongs-iMac:BlogSource zhangsaidong$ git commit -m "testBranch"
[master 60a0b9a] testBranch
 Committer: 张赛东 <zhangsaidong@zhangsaidongs-iMac.local>
Your name and email address were configured automatically based
on your username and hostname. Please check that they are accurate.
You can suppress this message by setting them explicitly. Run the
following command and follow the instructions in your editor to edit
your configuration file:

    git config --global --edit

After doing this, you may fix the identity used for this commit with:

    git commit --amend --reset-author

 1 file changed, 1 insertion(+), 1 deletion(-)
zhangsaidongs-iMac:BlogSource zhangsaidong$ git push testBranch
fatal: 'testBranch' does not appear to be a git repository
fatal: Could not read from remote repository.

Please make sure you have the correct access rights
and the repository exists.
zhangsaidongs-iMac:BlogSource zhangsaidong$ git push origin testBranch
error: src refspec testBranch does not match any.
error: failed to push some refs to 'https://github.com/adong666666/BlogSource.git'
zhangsaidongs-iMac:BlogSource zhangsaidong$ git branch -a
* master
  remotes/origin/HEAD -> origin/master
  remotes/origin/master
zhangsaidongs-iMac:BlogSource zhangsaidong$ git branch test
zhangsaidongs-iMac:BlogSource zhangsaidong$ git branch -a
* master
  test
  remotes/origin/HEAD -> origin/master
  remotes/origin/master
zhangsaidongs-iMac:BlogSource zhangsaidong$ git add .
zhangsaidongs-iMac:BlogSource zhangsaidong$ git push test "testBranch"
error: src refspec testBranch does not match any.
error: failed to push some refs to 'test'
zhangsaidongs-iMac:BlogSource zhangsaidong$ git commit -test "testBranch"
error: pathspec 'testBranch' did not match any file(s) known to git.
zhangsaidongs-iMac:BlogSource zhangsaidong$ git commit -test "test"
error: pathspec 'test' did not match any file(s) known to git.
zhangsaidongs-iMac:BlogSource zhangsaidong$ git brach -a
git: 'brach' is not a git command. See 'git --help'.

The most similar command is
	branch
zhangsaidongs-iMac:BlogSource zhangsaidong$ git branch -a
* master
  test
  remotes/origin/HEAD -> origin/master
  remotes/origin/master
zhangsaidongs-iMac:BlogSource zhangsaidong$ git checkout test
Switched to branch 'test'
zhangsaidongs-iMac:BlogSource zhangsaidong$ git add .
zhangsaidongs-iMac:BlogSource zhangsaidong$ git commit -m "add to test branch"
On branch test
nothing to commit, working tree clean
zhangsaidongs-iMac:BlogSource zhangsaidong$ git push origin test
Counting objects: 3, done.
Delta compression using up to 8 threads.
Compressing objects: 100% (3/3), done.
Writing objects: 100% (3/3), 331 bytes | 331.00 KiB/s, done.
Total 3 (delta 2), reused 0 (delta 0)
remote: Resolving deltas: 100% (2/2), completed with 2 local objects.
remote: 
remote: Create a pull request for 'test' on GitHub by visiting:
remote:      https://github.com/adong666666/BlogSource/pull/new/test
remote: 
To https://github.com/adong666666/BlogSource.git
 * [new branch]      test -> test
zhangsaidongs-iMac:BlogSource zhangsaidong$ 
